// Jest Snapshot v1, https://goo.gl/fbAQLP

exports[`TextInput renders correctly 1`] = `
<input
  className="p-2 focus:outline-secondary h-10 w-full text-xgray"
/>
`;
